Archive member included because of file (symbol)

c:/users/mosta/desktop/imt-c/imt_tools_x64/imt_sdk_win_64/imt_sdk_win_64/winavr/bin/../lib/gcc/avr/4.3.3/avr5\libgcc.a(_udivmodsi4.o)
                              ./MCAL/UART_driver/UART.o (__udivmodsi4)
c:/users/mosta/desktop/imt-c/imt_tools_x64/imt_sdk_win_64/imt_sdk_win_64/winavr/bin/../lib/gcc/avr/4.3.3/avr5\libgcc.a(_exit.o)
                              c:/users/mosta/desktop/imt-c/imt_tools_x64/imt_sdk_win_64/imt_sdk_win_64/winavr/bin/../lib/gcc/avr/4.3.3/../../../../avr/lib/avr5/crtm32.o (exit)
c:/users/mosta/desktop/imt-c/imt_tools_x64/imt_sdk_win_64/imt_sdk_win_64/winavr/bin/../lib/gcc/avr/4.3.3/avr5\libgcc.a(_copy_data.o)
                              ./MCAL/TIMER_driver/Timer_PbCfg.o (__do_copy_data)
c:/users/mosta/desktop/imt-c/imt_tools_x64/imt_sdk_win_64/imt_sdk_win_64/winavr/bin/../lib/gcc/avr/4.3.3/avr5\libgcc.a(_clear_bss.o)
                              ./MCAL/UART_driver/UART.o (__do_clear_bss)

Allocating common symbols
Common symbol       size              file

G_sendData2         0x2               ./MCAL/UART_driver/UART.o
G_sendData          0x1               ./MCAL/UART_driver/UART.o

Memory Configuration

Name             Origin             Length             Attributes
text             0x00000000         0x00020000         xr
data             0x00800060         0x0000ffa0         rw !x
eeprom           0x00810000         0x00010000         rw !x
fuse             0x00820000         0x00000400         rw !x
lock             0x00830000         0x00000400         rw !x
signature        0x00840000         0x00000400         rw !x
*default*        0x00000000         0xffffffff

Linker script and memory map

LOAD c:/users/mosta/desktop/imt-c/imt_tools_x64/imt_sdk_win_64/imt_sdk_win_64/winavr/bin/../lib/gcc/avr/4.3.3/../../../../avr/lib/avr5/crtm32.o
LOAD ./MCAL/UART_driver/UART.o
LOAD ./MCAL/TIMER_driver/Timer_PbCfg.o
LOAD ./MCAL/TIMER_driver/Timer_program.o
LOAD ./MCAL/Sleep_driver/SleepModes.o
LOAD ./MCAL/DIO_driver/MCAL_DIO_program.o
LOAD ./LED_program.o
LOAD ./main.o
LOAD c:/users/mosta/desktop/imt-c/imt_tools_x64/imt_sdk_win_64/imt_sdk_win_64/winavr/bin/../lib/gcc/avr/4.3.3/avr5\libgcc.a
LOAD c:/users/mosta/desktop/imt-c/imt_tools_x64/imt_sdk_win_64/imt_sdk_win_64/winavr/bin/../lib/gcc/avr/4.3.3/../../../../avr/lib/avr5\libc.a
LOAD c:/users/mosta/desktop/imt-c/imt_tools_x64/imt_sdk_win_64/imt_sdk_win_64/winavr/bin/../lib/gcc/avr/4.3.3/avr5\libgcc.a

.hash
 *(.hash)

.dynsym
 *(.dynsym)

.dynstr
 *(.dynstr)

.gnu.version
 *(.gnu.version)

.gnu.version_d
 *(.gnu.version_d)

.gnu.version_r
 *(.gnu.version_r)

.rel.init
 *(.rel.init)

.rela.init
 *(.rela.init)

.rel.text
 *(.rel.text)
 *(.rel.text.*)
 *(.rel.gnu.linkonce.t*)

.rela.text
 *(.rela.text)
 *(.rela.text.*)
 *(.rela.gnu.linkonce.t*)

.rel.fini
 *(.rel.fini)

.rela.fini
 *(.rela.fini)

.rel.rodata
 *(.rel.rodata)
 *(.rel.rodata.*)
 *(.rel.gnu.linkonce.r*)

.rela.rodata
 *(.rela.rodata)
 *(.rela.rodata.*)
 *(.rela.gnu.linkonce.r*)

.rel.data
 *(.rel.data)
 *(.rel.data.*)
 *(.rel.gnu.linkonce.d*)

.rela.data
 *(.rela.data)
 *(.rela.data.*)
 *(.rela.gnu.linkonce.d*)

.rel.ctors
 *(.rel.ctors)

.rela.ctors
 *(.rela.ctors)

.rel.dtors
 *(.rel.dtors)

.rela.dtors
 *(.rela.dtors)

.rel.got
 *(.rel.got)

.rela.got
 *(.rela.got)

.rel.bss
 *(.rel.bss)

.rela.bss
 *(.rela.bss)

.rel.plt
 *(.rel.plt)

.rela.plt
 *(.rela.plt)

.text           0x00000000     0x17f0
 *(.vectors)
 .vectors       0x00000000       0x54 c:/users/mosta/desktop/imt-c/imt_tools_x64/imt_sdk_win_64/imt_sdk_win_64/winavr/bin/../lib/gcc/avr/4.3.3/../../../../avr/lib/avr5/crtm32.o
                0x00000000                __vectors
                0x00000000                __vector_default
 *(.vectors)
 *(.progmem.gcc*)
 *(.progmem*)
                0x00000054                . = ALIGN (0x2)
                0x00000054                __trampolines_start = .
 *(.trampolines)
 .trampolines   0x00000054        0x0 linker stubs
 *(.trampolines*)
                0x00000054                __trampolines_end = .
 *(.jumptables)
 *(.jumptables*)
 *(.lowtext)
 *(.lowtext*)
                0x00000054                __ctors_start = .
 *(.ctors)
                0x00000054                __ctors_end = .
                0x00000054                __dtors_start = .
 *(.dtors)
                0x00000054                __dtors_end = .
 SORT(*)(.ctors)
 SORT(*)(.dtors)
 *(.init0)
 .init0         0x00000054        0x0 c:/users/mosta/desktop/imt-c/imt_tools_x64/imt_sdk_win_64/imt_sdk_win_64/winavr/bin/../lib/gcc/avr/4.3.3/../../../../avr/lib/avr5/crtm32.o
                0x00000054                __init
 *(.init0)
 *(.init1)
 *(.init1)
 *(.init2)
 .init2         0x00000054        0xc c:/users/mosta/desktop/imt-c/imt_tools_x64/imt_sdk_win_64/imt_sdk_win_64/winavr/bin/../lib/gcc/avr/4.3.3/../../../../avr/lib/avr5/crtm32.o
 *(.init2)
 *(.init3)
 *(.init3)
 *(.init4)
 .init4         0x00000060       0x16 c:/users/mosta/desktop/imt-c/imt_tools_x64/imt_sdk_win_64/imt_sdk_win_64/winavr/bin/../lib/gcc/avr/4.3.3/avr5\libgcc.a(_copy_data.o)
                0x00000060                __do_copy_data
 .init4         0x00000076       0x10 c:/users/mosta/desktop/imt-c/imt_tools_x64/imt_sdk_win_64/imt_sdk_win_64/winavr/bin/../lib/gcc/avr/4.3.3/avr5\libgcc.a(_clear_bss.o)
                0x00000076                __do_clear_bss
 *(.init4)
 *(.init5)
 *(.init5)
 *(.init6)
 *(.init6)
 *(.init7)
 *(.init7)
 *(.init8)
 *(.init8)
 *(.init9)
 .init9         0x00000086        0x8 c:/users/mosta/desktop/imt-c/imt_tools_x64/imt_sdk_win_64/imt_sdk_win_64/winavr/bin/../lib/gcc/avr/4.3.3/../../../../avr/lib/avr5/crtm32.o
 *(.init9)
 *(.text)
 .text          0x0000008e        0x4 c:/users/mosta/desktop/imt-c/imt_tools_x64/imt_sdk_win_64/imt_sdk_win_64/winavr/bin/../lib/gcc/avr/4.3.3/../../../../avr/lib/avr5/crtm32.o
                0x0000008e                __vector_1
                0x0000008e                __vector_12
                0x0000008e                __bad_interrupt
                0x0000008e                __vector_6
                0x0000008e                __vector_3
                0x0000008e                __vector_11
                0x0000008e                __vector_17
                0x0000008e                __vector_19
                0x0000008e                __vector_7
                0x0000008e                __vector_5
                0x0000008e                __vector_4
                0x0000008e                __vector_9
                0x0000008e                __vector_2
                0x0000008e                __vector_15
                0x0000008e                __vector_8
                0x0000008e                __vector_16
                0x0000008e                __vector_18
                0x0000008e                __vector_20
 .text          0x00000092        0x0 ./MCAL/UART_driver/UART.o
 .text          0x00000092        0x0 ./MCAL/TIMER_driver/Timer_PbCfg.o
 .text          0x00000092        0x0 ./MCAL/TIMER_driver/Timer_program.o
 .text          0x00000092        0x0 ./MCAL/Sleep_driver/SleepModes.o
 .text          0x00000092        0x0 ./MCAL/DIO_driver/MCAL_DIO_program.o
 .text          0x00000092        0x0 ./LED_program.o
 .text          0x00000092        0x0 ./main.o
 .text          0x00000092        0x0 c:/users/mosta/desktop/imt-c/imt_tools_x64/imt_sdk_win_64/imt_sdk_win_64/winavr/bin/../lib/gcc/avr/4.3.3/avr5\libgcc.a(_udivmodsi4.o)
 .text          0x00000092        0x0 c:/users/mosta/desktop/imt-c/imt_tools_x64/imt_sdk_win_64/imt_sdk_win_64/winavr/bin/../lib/gcc/avr/4.3.3/avr5\libgcc.a(_exit.o)
 .text          0x00000092        0x0 c:/users/mosta/desktop/imt-c/imt_tools_x64/imt_sdk_win_64/imt_sdk_win_64/winavr/bin/../lib/gcc/avr/4.3.3/avr5\libgcc.a(_copy_data.o)
 .text          0x00000092        0x0 c:/users/mosta/desktop/imt-c/imt_tools_x64/imt_sdk_win_64/imt_sdk_win_64/winavr/bin/../lib/gcc/avr/4.3.3/avr5\libgcc.a(_clear_bss.o)
                0x00000092                . = ALIGN (0x2)
 *(.text.*)
 .text.UART_init
                0x00000092      0x2ec ./MCAL/UART_driver/UART.o
                0x00000092                UART_init
 .text.UART_CheckSync
                0x0000037e       0x26 ./MCAL/UART_driver/UART.o
 .text.UART_CheckParity
                0x000003a4       0x34 ./MCAL/UART_driver/UART.o
 .text.UART_CheckStopBit
                0x000003d8       0x26 ./MCAL/UART_driver/UART.o
 .text.UART_sendByte
                0x000003fe       0x74 ./MCAL/UART_driver/UART.o
                0x000003fe                UART_sendByte
 .text.UART_recieveByte
                0x00000472       0x62 ./MCAL/UART_driver/UART.o
                0x00000472                UART_recieveByte
 .text.UART_GetPollingFlag
                0x000004d4       0x52 ./MCAL/UART_driver/UART.o
                0x000004d4                UART_GetPollingFlag
 .text.__vector_14
                0x00000526       0x80 ./MCAL/UART_driver/UART.o
                0x00000526                __vector_14
 .text.__vector_13
                0x000005a6       0x6e ./MCAL/UART_driver/UART.o
                0x000005a6                __vector_13
 .text.Timer_Init
                0x00000614      0x12a ./MCAL/TIMER_driver/Timer_program.o
                0x00000614                Timer_Init
 .text.Timer_Start
                0x0000073e      0x20e ./MCAL/TIMER_driver/Timer_program.o
                0x0000073e                Timer_Start
 .text.Timer_Stop
                0x0000094c       0x62 ./MCAL/TIMER_driver/Timer_program.o
                0x0000094c                Timer_Stop
 .text.Timer_Reset
                0x000009ae       0x54 ./MCAL/TIMER_driver/Timer_program.o
                0x000009ae                Timer_Reset
 .text.Timer_Get_TickTime
                0x00000a02      0x184 ./MCAL/TIMER_driver/Timer_program.o
                0x00000a02                Timer_Get_TickTime
 .text.Timer_Get_FlagStatus
                0x00000b86       0x7e ./MCAL/TIMER_driver/Timer_program.o
                0x00000b86                Timer_Get_FlagStatus
 .text.TIMER_SetCallBack
                0x00000c04       0x4e ./MCAL/TIMER_driver/Timer_program.o
                0x00000c04                TIMER_SetCallBack
 .text.__vector_10
                0x00000c52       0x66 ./MCAL/TIMER_driver/Timer_program.o
                0x00000c52                __vector_10
 .text.Sleep_PowerSaveMode
                0x00000cb8       0x38 ./MCAL/Sleep_driver/SleepModes.o
                0x00000cb8                Sleep_PowerSaveMode
 .text.DIO_u8Init_PORT
                0x00000cf0       0x90 ./MCAL/DIO_driver/MCAL_DIO_program.o
                0x00000cf0                DIO_u8Init_PORT
 .text.DIO_u8Init_PIN
                0x00000d80      0x194 ./MCAL/DIO_driver/MCAL_DIO_program.o
                0x00000d80                DIO_u8Init_PIN
 .text.DIO_u8SetPortValue
                0x00000f14       0x9c ./MCAL/DIO_driver/MCAL_DIO_program.o
                0x00000f14                DIO_u8SetPortValue
 .text.DIO_u8SetPinValue
                0x00000fb0      0x194 ./MCAL/DIO_driver/MCAL_DIO_program.o
                0x00000fb0                DIO_u8SetPinValue
 .text.DIO_u8GetPortValue
                0x00001144       0xb2 ./MCAL/DIO_driver/MCAL_DIO_program.o
                0x00001144                DIO_u8GetPortValue
 .text.DIO_u8GetPinValue
                0x000011f6      0x112 ./MCAL/DIO_driver/MCAL_DIO_program.o
                0x000011f6                DIO_u8GetPinValue
 .text.DIO_u8SetPortInputType
                0x00001308      0x122 ./MCAL/DIO_driver/MCAL_DIO_program.o
                0x00001308                DIO_u8SetPortInputType
 .text.DIO_u8SetPinInputType
                0x0000142a      0x280 ./MCAL/DIO_driver/MCAL_DIO_program.o
                0x0000142a                DIO_u8SetPinInputType
 .text.LED_Value
                0x000016aa       0x34 ./LED_program.o
                0x000016aa                LED_Value
 .text.main     0x000016de       0xca ./main.o
                0x000016de                main
 .text.libgcc   0x000017a8       0x44 c:/users/mosta/desktop/imt-c/imt_tools_x64/imt_sdk_win_64/imt_sdk_win_64/winavr/bin/../lib/gcc/avr/4.3.3/avr5\libgcc.a(_udivmodsi4.o)
                0x000017a8                __udivmodsi4
 .text.libgcc   0x000017ec        0x0 c:/users/mosta/desktop/imt-c/imt_tools_x64/imt_sdk_win_64/imt_sdk_win_64/winavr/bin/../lib/gcc/avr/4.3.3/avr5\libgcc.a(_exit.o)
 .text.libgcc   0x000017ec        0x0 c:/users/mosta/desktop/imt-c/imt_tools_x64/imt_sdk_win_64/imt_sdk_win_64/winavr/bin/../lib/gcc/avr/4.3.3/avr5\libgcc.a(_copy_data.o)
 .text.libgcc   0x000017ec        0x0 c:/users/mosta/desktop/imt-c/imt_tools_x64/imt_sdk_win_64/imt_sdk_win_64/winavr/bin/../lib/gcc/avr/4.3.3/avr5\libgcc.a(_clear_bss.o)
                0x000017ec                . = ALIGN (0x2)
 *(.fini9)
 .fini9         0x000017ec        0x0 c:/users/mosta/desktop/imt-c/imt_tools_x64/imt_sdk_win_64/imt_sdk_win_64/winavr/bin/../lib/gcc/avr/4.3.3/avr5\libgcc.a(_exit.o)
                0x000017ec                exit
                0x000017ec                _exit
 *(.fini9)
 *(.fini8)
 *(.fini8)
 *(.fini7)
 *(.fini7)
 *(.fini6)
 *(.fini6)
 *(.fini5)
 *(.fini5)
 *(.fini4)
 *(.fini4)
 *(.fini3)
 *(.fini3)
 *(.fini2)
 *(.fini2)
 *(.fini1)
 *(.fini1)
 *(.fini0)
 .fini0         0x000017ec        0x4 c:/users/mosta/desktop/imt-c/imt_tools_x64/imt_sdk_win_64/imt_sdk_win_64/winavr/bin/../lib/gcc/avr/4.3.3/avr5\libgcc.a(_exit.o)
 *(.fini0)
                0x000017f0                _etext = .

.data           0x00800060        0x4 load address 0x000017f0
                0x00800060                PROVIDE (__data_start, .)
 *(.data)
 .data          0x00800060        0x0 c:/users/mosta/desktop/imt-c/imt_tools_x64/imt_sdk_win_64/imt_sdk_win_64/winavr/bin/../lib/gcc/avr/4.3.3/../../../../avr/lib/avr5/crtm32.o
 .data          0x00800060        0x0 ./MCAL/UART_driver/UART.o
 .data          0x00800060        0x0 ./MCAL/TIMER_driver/Timer_PbCfg.o
 .data          0x00800060        0x0 ./MCAL/TIMER_driver/Timer_program.o
 .data          0x00800060        0x0 ./MCAL/Sleep_driver/SleepModes.o
 .data          0x00800060        0x0 ./MCAL/DIO_driver/MCAL_DIO_program.o
 .data          0x00800060        0x0 ./LED_program.o
 .data          0x00800060        0x0 ./main.o
 .data          0x00800060        0x0 c:/users/mosta/desktop/imt-c/imt_tools_x64/imt_sdk_win_64/imt_sdk_win_64/winavr/bin/../lib/gcc/avr/4.3.3/avr5\libgcc.a(_udivmodsi4.o)
 .data          0x00800060        0x0 c:/users/mosta/desktop/imt-c/imt_tools_x64/imt_sdk_win_64/imt_sdk_win_64/winavr/bin/../lib/gcc/avr/4.3.3/avr5\libgcc.a(_exit.o)
 .data          0x00800060        0x0 c:/users/mosta/desktop/imt-c/imt_tools_x64/imt_sdk_win_64/imt_sdk_win_64/winavr/bin/../lib/gcc/avr/4.3.3/avr5\libgcc.a(_copy_data.o)
 .data          0x00800060        0x0 c:/users/mosta/desktop/imt-c/imt_tools_x64/imt_sdk_win_64/imt_sdk_win_64/winavr/bin/../lib/gcc/avr/4.3.3/avr5\libgcc.a(_clear_bss.o)
 *(.data*)
 .data.Timer0   0x00800060        0x4 ./MCAL/TIMER_driver/Timer_PbCfg.o
                0x00800060                Timer0
 *(.rodata)
 *(.rodata*)
 *(.gnu.linkonce.d*)
                0x00800064                . = ALIGN (0x2)
                0x00800064                _edata = .
                0x00800064                PROVIDE (__data_end, .)

.bss            0x00800064        0xd
                0x00800064                PROVIDE (__bss_start, .)
 *(.bss)
 .bss           0x00800064        0x0 c:/users/mosta/desktop/imt-c/imt_tools_x64/imt_sdk_win_64/imt_sdk_win_64/winavr/bin/../lib/gcc/avr/4.3.3/../../../../avr/lib/avr5/crtm32.o
 .bss           0x00800064        0x0 ./MCAL/UART_driver/UART.o
 .bss           0x00800064        0x0 ./MCAL/TIMER_driver/Timer_PbCfg.o
 .bss           0x00800064        0x0 ./MCAL/TIMER_driver/Timer_program.o
 .bss           0x00800064        0x0 ./MCAL/Sleep_driver/SleepModes.o
 .bss           0x00800064        0x0 ./MCAL/DIO_driver/MCAL_DIO_program.o
 .bss           0x00800064        0x0 ./LED_program.o
 .bss           0x00800064        0x0 ./main.o
 .bss           0x00800064        0x0 c:/users/mosta/desktop/imt-c/imt_tools_x64/imt_sdk_win_64/imt_sdk_win_64/winavr/bin/../lib/gcc/avr/4.3.3/avr5\libgcc.a(_udivmodsi4.o)
 .bss           0x00800064        0x0 c:/users/mosta/desktop/imt-c/imt_tools_x64/imt_sdk_win_64/imt_sdk_win_64/winavr/bin/../lib/gcc/avr/4.3.3/avr5\libgcc.a(_exit.o)
 .bss           0x00800064        0x0 c:/users/mosta/desktop/imt-c/imt_tools_x64/imt_sdk_win_64/imt_sdk_win_64/winavr/bin/../lib/gcc/avr/4.3.3/avr5\libgcc.a(_copy_data.o)
 .bss           0x00800064        0x0 c:/users/mosta/desktop/imt-c/imt_tools_x64/imt_sdk_win_64/imt_sdk_win_64/winavr/bin/../lib/gcc/avr/4.3.3/avr5\libgcc.a(_clear_bss.o)
 *(.bss*)
 .bss.G_UartMode
                0x00800064        0x1 ./MCAL/UART_driver/UART.o
 .bss.TIMER0_CallBack
                0x00800065        0x2 ./MCAL/TIMER_driver/Timer_program.o
 .bss.GSA_uint8_Prescaler_Timer
                0x00800067        0x3 ./MCAL/TIMER_driver/Timer_program.o
 .bss.GSA_uint8_Mode_Timer
                0x0080006a        0x3 ./MCAL/TIMER_driver/Timer_program.o
 .bss.x         0x0080006d        0x1 ./main.o
                0x0080006d                x
 *(COMMON)
 COMMON         0x0080006e        0x3 ./MCAL/UART_driver/UART.o
                0x0080006e                G_sendData2
                0x00800070                G_sendData
                0x00800071                PROVIDE (__bss_end, .)
                0x000017f0                __data_load_start = LOADADDR (.data)
                0x000017f4                __data_load_end = (__data_load_start + SIZEOF (.data))

.noinit         0x00800071        0x0
                0x00800071                PROVIDE (__noinit_start, .)
 *(.noinit*)
                0x00800071                PROVIDE (__noinit_end, .)
                0x00800071                _end = .
                0x00800071                PROVIDE (__heap_start, .)

.eeprom         0x00810000        0x0
 *(.eeprom*)
                0x00810000                __eeprom_end = .

.fuse
 *(.fuse)
 *(.lfuse)
 *(.hfuse)
 *(.efuse)

.lock
 *(.lock*)

.signature
 *(.signature*)

.stab           0x00000000     0x2340
 *(.stab)
 .stab          0x00000000      0x84c ./MCAL/UART_driver/UART.o
 .stab          0x0000084c      0x12c ./MCAL/TIMER_driver/Timer_PbCfg.o
                                0x1bc (size before relaxing)
 .stab          0x00000978      0x8f4 ./MCAL/TIMER_driver/Timer_program.o
                                0x99c (size before relaxing)
 .stab          0x0000126c      0x15c ./MCAL/Sleep_driver/SleepModes.o
                                0x1ec (size before relaxing)
 .stab          0x000013c8      0x9c0 ./MCAL/DIO_driver/MCAL_DIO_program.o
                                0xa50 (size before relaxing)
 .stab          0x00001d88      0x180 ./LED_program.o
                                0x210 (size before relaxing)
 .stab          0x00001f08      0x438 ./main.o
                                0x4c8 (size before relaxing)

.stabstr        0x00000000     0x10f4
 *(.stabstr)
 .stabstr       0x00000000     0x10f4 ./MCAL/UART_driver/UART.o

.stab.excl
 *(.stab.excl)

.stab.exclstr
 *(.stab.exclstr)

.stab.index
 *(.stab.index)

.stab.indexstr
 *(.stab.indexstr)

.comment
 *(.comment)

.debug
 *(.debug)

.line
 *(.line)

.debug_srcinfo
 *(.debug_srcinfo)

.debug_sfnames
 *(.debug_sfnames)

.debug_aranges
 *(.debug_aranges)

.debug_pubnames
 *(.debug_pubnames)

.debug_info
 *(.debug_info)
 *(.gnu.linkonce.wi.*)

.debug_abbrev
 *(.debug_abbrev)

.debug_line
 *(.debug_line)

.debug_frame
 *(.debug_frame)

.debug_str
 *(.debug_str)

.debug_loc
 *(.debug_loc)

.debug_macinfo
 *(.debug_macinfo)
OUTPUT(UART_driver.elf elf32-avr)
LOAD linker stubs
